// Jest Snapshot v1, https://goo.gl/fbAQLP

exports[`CheckoutItem component should render CheckoutItem component 1`] = `
<styled.div>
  <styled.div>
    <img
      alt="item"
      src="www.testImage.com"
    />
  </styled.div>
  <styled.span>
    hats
  </styled.span>
  <QuantitySpan>
    <div
      onClick={[Function]}
    >
      ❮
    </div>
    <span>
      2
    </span>
    <div
      onClick={[Function]}
    >
      ❯
    </div>
  </QuantitySpan>
  <styled.span>
    10
  </styled.span>
  <RemoveButton
    onClick={[Function]}
  >
    ✕
  </RemoveButton>
</styled.div>
`;
